Command line invocation:
    /Applications/Xcode.app/Contents/Developer/usr/bin/xcodebuild -project RecipesApp.xcodeproj -scheme RecipesApp -sdk iphonesimulator -destination "platform=iOS Simulator,id=33357014-BDD4-4AF0-B935-6D2998B9893A" clean build

Build settings from command line:
    SDKROOT = iphonesimulator26.2

2026-01-23 18:14:27.555 xcodebuild[28799:1173726]  DVTDeviceOperation: Encountered a build number "" that is incompatible with DVTBuildVersion.
2026-01-23 18:14:27.626 xcodebuild[28799:1173676] [MT] DVTDeviceOperation: Encountered a build number "" that is incompatible with DVTBuildVersion.
CreateBuildRequest

SendProjectDescription

CreateBuildOperation

** CLEAN SUCCEEDED **

ComputePackagePrebuildTargetDependencyGraph

Prepare packages

CreateBuildRequest

SendProjectDescription

CreateBuildOperation

ComputeTargetDependencyGraph
note: Building targets in dependency order
note: Target dependency graph (1 target)
    Target 'RecipesApp' in project 'RecipesApp' (no dependencies)

GatherProvisioningInputs

CreateBuildDescription

ExecuteExternalTool /Applications/Xcode.app/Contents/Developer/Toolchains/XcodeDefault.xctoolchain/usr/bin/clang -v -E -dM -isysroot /Applications/Xcode.app/Contents/Developer/Platforms/iPhoneSimulator.platform/Developer/SDKs/iPhoneSimulator26.2.sdk -x c -c /dev/null

ExecuteExternalTool /Applications/Xcode.app/Contents/Developer/usr/bin/actool --print-asset-tag-combinations --output-format xml1 /Users/olivier/Projects/homelab/applications/recipes-ios/RecipesApp/Resources/Assets.xcassets

ExecuteExternalTool /Applications/Xcode.app/Contents/Developer/usr/bin/actool --version --output-format xml1

ExecuteExternalTool /Applications/Xcode.app/Contents/Developer/Toolchains/XcodeDefault.xctoolchain/usr/bin/swiftc --version

ExecuteExternalTool /Applications/Xcode.app/Contents/Developer/Toolchains/XcodeDefault.xctoolchain/usr/bin/ld -version_details

Build description signature: 1c02e49a41705df12bd7985db1041b42
Build description path: /Users/olivier/Library/Developer/Xcode/DerivedData/RecipesApp-fkyyklnnnjsfppgmbnwmslvjfhap/Build/Intermediates.noindex/XCBuildData/1c02e49a41705df12bd7985db1041b42.xcbuilddata
ClangStatCache /Applications/Xcode.app/Contents/Developer/Toolchains/XcodeDefault.xctoolchain/usr/bin/clang-stat-cache /Applications/Xcode.app/Contents/Developer/Platforms/iPhoneSimulator.platform/Developer/SDKs/iPhoneSimulator26.2.sdk /Users/olivier/Library/Developer/Xcode/DerivedData/SDKStatCaches.noindex/iphonesimulator26.2-23C53-7d00a8b37fbd7999ea79df8ebc024bf0.sdkstatcache
    cd /Users/olivier/Projects/homelab/applications/recipes-ios/RecipesApp.xcodeproj
    /Applications/Xcode.app/Contents/Developer/Toolchains/XcodeDefault.xctoolchain/usr/bin/clang-stat-cache /Applications/Xcode.app/Contents/Developer/Platforms/iPhoneSimulator.platform/Developer/SDKs/iPhoneSimulator26.2.sdk -o /Users/olivier/Library/Developer/Xcode/DerivedData/SDKStatCaches.noindex/iphonesimulator26.2-23C53-7d00a8b37fbd7999ea79df8ebc024bf0.sdkstatcache

CreateBuildDirectory /Users/olivier/Library/Developer/Xcode/DerivedData/RecipesApp-fkyyklnnnjsfppgmbnwmslvjfhap/Build/Products
    cd /Users/olivier/Projects/homelab/applications/recipes-ios/RecipesApp.xcodeproj
    builtin-create-build-directory /Users/olivier/Library/Developer/Xcode/DerivedData/RecipesApp-fkyyklnnnjsfppgmbnwmslvjfhap/Build/Products

CreateBuildDirectory /Users/olivier/Library/Developer/Xcode/DerivedData/RecipesApp-fkyyklnnnjsfppgmbnwmslvjfhap/Build/Intermediates.noindex
    cd /Users/olivier/Projects/homelab/applications/recipes-ios/RecipesApp.xcodeproj
    builtin-create-build-directory /Users/olivier/Library/Developer/Xcode/DerivedData/RecipesApp-fkyyklnnnjsfppgmbnwmslvjfhap/Build/Intermediates.noindex

CreateBuildDirectory /Users/olivier/Library/Developer/Xcode/DerivedData/RecipesApp-fkyyklnnnjsfppgmbnwmslvjfhap/Build/Intermediates.noindex/ExplicitPrecompiledModules
    cd /Users/olivier/Projects/homelab/applications/recipes-ios/RecipesApp.xcodeproj
    builtin-create-build-directory /Users/olivier/Library/Developer/Xcode/DerivedData/RecipesApp-fkyyklnnnjsfppgmbnwmslvjfhap/Build/Intermediates.noindex/ExplicitPrecompiledModules

CreateBuildDirectory /Users/olivier/Library/Developer/Xcode/DerivedData/RecipesApp-fkyyklnnnjsfppgmbnwmslvjfhap/Build/Intermediates.noindex/SwiftExplicitPrecompiledModules
    cd /Users/olivier/Projects/homelab/applications/recipes-ios/RecipesApp.xcodeproj
    builtin-create-build-directory /Users/olivier/Library/Developer/Xcode/DerivedData/RecipesApp-fkyyklnnnjsfppgmbnwmslvjfhap/Build/Intermediates.noindex/SwiftExplicitPrecompiledModules

CreateBuildDirectory /Users/olivier/Library/Developer/Xcode/DerivedData/RecipesApp-fkyyklnnnjsfppgmbnwmslvjfhap/Build/Intermediates.noindex/EagerLinkingTBDs/Debug-iphonesimulator
    cd /Users/olivier/Projects/homelab/applications/recipes-ios/RecipesApp.xcodeproj
    builtin-create-build-directory /Users/olivier/Library/Developer/Xcode/DerivedData/RecipesApp-fkyyklnnnjsfppgmbnwmslvjfhap/Build/Intermediates.noindex/EagerLinkingTBDs/Debug-iphonesimulator

WriteAuxiliaryFile /Users/olivier/Library/Developer/Xcode/DerivedData/RecipesApp-fkyyklnnnjsfppgmbnwmslvjfhap/Build/Intermediates.noindex/RecipesApp.build/Debug-iphonesimulator/RecipesApp-0b7ccb6aec00ef9910da6ea50eb82969-VFS-iphonesimulator/all-product-headers.yaml
    cd /Users/olivier/Projects/homelab/applications/recipes-ios/RecipesApp.xcodeproj
    write-file /Users/olivier/Library/Developer/Xcode/DerivedData/RecipesApp-fkyyklnnnjsfppgmbnwmslvjfhap/Build/Intermediates.noindex/RecipesApp.build/Debug-iphonesimulator/RecipesApp-0b7ccb6aec00ef9910da6ea50eb82969-VFS-iphonesimulator/all-product-headers.yaml

CreateBuildDirectory /Users/olivier/Library/Developer/Xcode/DerivedData/RecipesApp-fkyyklnnnjsfppgmbnwmslvjfhap/Build/Products/Debug-iphonesimulator
    cd /Users/olivier/Projects/homelab/applications/recipes-ios/RecipesApp.xcodeproj
    builtin-create-build-directory /Users/olivier/Library/Developer/Xcode/DerivedData/RecipesApp-fkyyklnnnjsfppgmbnwmslvjfhap/Build/Products/Debug-iphonesimulator

WriteAuxiliaryFile /Users/olivier/Library/Developer/Xcode/DerivedData/RecipesApp-fkyyklnnnjsfppgmbnwmslvjfhap/Build/Intermediates.noindex/RecipesApp.build/Debug-iphonesimulator/RecipesApp.build/RecipesApp.DependencyMetadataFileList (in target 'RecipesApp' from project 'RecipesApp')
    cd /Users/olivier/Projects/homelab/applications/recipes-ios
    write-file /Users/olivier/Library/Developer/Xcode/DerivedData/RecipesApp-fkyyklnnnjsfppgmbnwmslvjfhap/Build/Intermediates.noindex/RecipesApp.build/Debug-iphonesimulator/RecipesApp.build/RecipesApp.DependencyMetadataFileList

WriteAuxiliaryFile /Users/olivier/Library/Developer/Xcode/DerivedData/RecipesApp-fkyyklnnnjsfppgmbnwmslvjfhap/Build/Intermediates.noindex/RecipesApp.build/Debug-iphonesimulator/RecipesApp.build/RecipesApp-own-target-headers.hmap (in target 'RecipesApp' from project 'RecipesApp')
    cd /Users/olivier/Projects/homelab/applications/recipes-ios
    write-file /Users/olivier/Library/Developer/Xcode/DerivedData/RecipesApp-fkyyklnnnjsfppgmbnwmslvjfhap/Build/Intermediates.noindex/RecipesApp.build/Debug-iphonesimulator/RecipesApp.build/RecipesApp-own-target-headers.hmap

WriteAuxiliaryFile /Users/olivier/Library/Developer/Xcode/DerivedData/RecipesApp-fkyyklnnnjsfppgmbnwmslvjfhap/Build/Intermediates.noindex/RecipesApp.build/Debug-iphonesimulator/RecipesApp.build/RecipesApp.DependencyStaticMetadataFileList (in target 'RecipesApp' from project 'RecipesApp')
    cd /Users/olivier/Projects/homelab/applications/recipes-ios
    write-file /Users/olivier/Library/Developer/Xcode/DerivedData/RecipesApp-fkyyklnnnjsfppgmbnwmslvjfhap/Build/Intermediates.noindex/RecipesApp.build/Debug-iphonesimulator/RecipesApp.build/RecipesApp.DependencyStaticMetadataFileList

WriteAuxiliaryFile /Users/olivier/Library/Developer/Xcode/DerivedData/RecipesApp-fkyyklnnnjsfppgmbnwmslvjfhap/Build/Intermediates.noindex/RecipesApp.build/Debug-iphonesimulator/RecipesApp.build/RecipesApp-generated-files.hmap (in target 'RecipesApp' from project 'RecipesApp')
    cd /Users/olivier/Projects/homelab/applications/recipes-ios
    write-file /Users/olivier/Library/Developer/Xcode/DerivedData/RecipesApp-fkyyklnnnjsfppgmbnwmslvjfhap/Build/Intermediates.noindex/RecipesApp.build/Debug-iphonesimulator/RecipesApp.build/RecipesApp-generated-files.hmap

WriteAuxiliaryFile /Users/olivier/Library/Developer/Xcode/DerivedData/RecipesApp-fkyyklnnnjsfppgmbnwmslvjfhap/Build/Intermediates.noindex/RecipesApp.build/Debug-iphonesimulator/RecipesApp.build/RecipesApp-all-target-headers.hmap (in target 'RecipesApp' from project 'RecipesApp')
    cd /Users/olivier/Projects/homelab/applications/recipes-ios
    write-file /Users/olivier/Library/Developer/Xcode/DerivedData/RecipesApp-fkyyklnnnjsfppgmbnwmslvjfhap/Build/Intermediates.noindex/RecipesApp.build/Debug-iphonesimulator/RecipesApp.build/RecipesApp-all-target-headers.hmap

WriteAuxiliaryFile /Users/olivier/Library/Developer/Xcode/DerivedData/RecipesApp-fkyyklnnnjsfppgmbnwmslvjfhap/Build/Intermediates.noindex/RecipesApp.build/Debug-iphonesimulator/RecipesApp.build/RecipesApp-project-headers.hmap (in target 'RecipesApp' from project 'RecipesApp')
    cd /Users/olivier/Projects/homelab/applications/recipes-ios
    write-file /Users/olivier/Library/Developer/Xcode/DerivedData/RecipesApp-fkyyklnnnjsfppgmbnwmslvjfhap/Build/Intermediates.noindex/RecipesApp.build/Debug-iphonesimulator/RecipesApp.build/RecipesApp-project-headers.hmap

WriteAuxiliaryFile /Users/olivier/Library/Developer/Xcode/DerivedData/RecipesApp-fkyyklnnnjsfppgmbnwmslvjfhap/Build/Intermediates.noindex/RecipesApp.build/Debug-iphonesimulator/RecipesApp.build/RecipesApp-DebugDylibPath-normal-x86_64.txt (in target 'RecipesApp' from project 'RecipesApp')
    cd /Users/olivier/Projects/homelab/applications/recipes-ios
    write-file /Users/olivier/Library/Developer/Xcode/DerivedData/RecipesApp-fkyyklnnnjsfppgmbnwmslvjfhap/Build/Intermediates.noindex/RecipesApp.build/Debug-iphonesimulator/RecipesApp.build/RecipesApp-DebugDylibPath-normal-x86_64.txt

WriteAuxiliaryFile /Users/olivier/Library/Developer/Xcode/DerivedData/RecipesApp-fkyyklnnnjsfppgmbnwmslvjfhap/Build/Intermediates.noindex/RecipesApp.build/Debug-iphonesimulator/RecipesApp.build/RecipesApp-all-non-framework-target-headers.hmap (in target 'RecipesApp' from project 'RecipesApp')
    cd /Users/olivier/Projects/homelab/applications/recipes-ios
    write-file /Users/olivier/Library/Developer/Xcode/DerivedData/RecipesApp-fkyyklnnnjsfppgmbnwmslvjfhap/Build/Intermediates.noindex/RecipesApp.build/Debug-iphonesimulator/RecipesApp.build/RecipesApp-all-non-framework-target-headers.hmap

WriteAuxiliaryFile /Users/olivier/Library/Developer/Xcode/DerivedData/RecipesApp-fkyyklnnnjsfppgmbnwmslvjfhap/Build/Intermediates.noindex/RecipesApp.build/Debug-iphonesimulator/RecipesApp.build/RecipesApp.hmap (in target 'RecipesApp' from project 'RecipesApp')
    cd /Users/olivier/Projects/homelab/applications/recipes-ios
    write-file /Users/olivier/Library/Developer/Xcode/DerivedData/RecipesApp-fkyyklnnnjsfppgmbnwmslvjfhap/Build/Intermediates.noindex/RecipesApp.build/Debug-iphonesimulator/RecipesApp.build/RecipesApp.hmap

WriteAuxiliaryFile /Users/olivier/Library/Developer/Xcode/DerivedData/RecipesApp-fkyyklnnnjsfppgmbnwmslvjfhap/Build/Intermediates.noindex/RecipesApp.build/Debug-iphonesimulator/RecipesApp.build/RecipesApp-DebugDylibInstallName-normal-x86_64.txt (in target 'RecipesApp' from project 'RecipesApp')
    cd /Users/olivier/Projects/homelab/applications/recipes-ios
    write-file /Users/olivier/Library/Developer/Xcode/DerivedData/RecipesApp-fkyyklnnnjsfppgmbnwmslvjfhap/Build/Intermediates.noindex/RecipesApp.build/Debug-iphonesimulator/RecipesApp.build/RecipesApp-DebugDylibInstallName-normal-x86_64.txt

WriteAuxiliaryFile /Users/olivier/Library/Developer/Xcode/DerivedData/RecipesApp-fkyyklnnnjsfppgmbnwmslvjfhap/Build/Intermediates.noindex/RecipesApp.build/Debug-iphonesimulator/RecipesApp.build/Objects-normal/x86_64/RecipesApp_const_extract_protocols.json (in target 'RecipesApp' from project 'RecipesApp')
    cd /Users/olivier/Projects/homelab/applications/recipes-ios
    write-file /Users/olivier/Library/Developer/Xcode/DerivedData/RecipesApp-fkyyklnnnjsfppgmbnwmslvjfhap/Build/Intermediates.noindex/RecipesApp.build/Debug-iphonesimulator/RecipesApp.build/Objects-normal/x86_64/RecipesApp_const_extract_protocols.json

WriteAuxiliaryFile /Users/olivier/Library/Developer/Xcode/DerivedData/RecipesApp-fkyyklnnnjsfppgmbnwmslvjfhap/Build/Intermediates.noindex/RecipesApp.build/Debug-iphonesimulator/RecipesApp.build/Objects-normal/x86_64/RecipesApp.SwiftFileList (in target 'RecipesApp' from project 'RecipesApp')
    cd /Users/olivier/Projects/homelab/applications/recipes-ios
    write-file /Users/olivier/Library/Developer/Xcode/DerivedData/RecipesApp-fkyyklnnnjsfppgmbnwmslvjfhap/Build/Intermediates.noindex/RecipesApp.build/Debug-iphonesimulator/RecipesApp.build/Objects-normal/x86_64/RecipesApp.SwiftFileList

WriteAuxiliaryFile /Users/olivier/Library/Developer/Xcode/DerivedData/RecipesApp-fkyyklnnnjsfppgmbnwmslvjfhap/Build/Intermediates.noindex/RecipesApp.build/Debug-iphonesimulator/RecipesApp.build/Objects-normal/x86_64/RecipesApp.LinkFileList (in target 'RecipesApp' from project 'RecipesApp')
    cd /Users/olivier/Projects/homelab/applications/recipes-ios
    write-file /Users/olivier/Library/Developer/Xcode/DerivedData/RecipesApp-fkyyklnnnjsfppgmbnwmslvjfhap/Build/Intermediates.noindex/RecipesApp.build/Debug-iphonesimulator/RecipesApp.build/Objects-normal/x86_64/RecipesApp.LinkFileList

WriteAuxiliaryFile /Users/olivier/Library/Developer/Xcode/DerivedData/RecipesApp-fkyyklnnnjsfppgmbnwmslvjfhap/Build/Intermediates.noindex/RecipesApp.build/Debug-iphonesimulator/RecipesApp.build/Objects-normal/x86_64/RecipesApp.SwiftConstValuesFileList (in target 'RecipesApp' from project 'RecipesApp')
    cd /Users/olivier/Projects/homelab/applications/recipes-ios
    write-file /Users/olivier/Library/Developer/Xcode/DerivedData/RecipesApp-fkyyklnnnjsfppgmbnwmslvjfhap/Build/Intermediates.noindex/RecipesApp.build/Debug-iphonesimulator/RecipesApp.build/Objects-normal/x86_64/RecipesApp.SwiftConstValuesFileList

WriteAuxiliaryFile /Users/olivier/Library/Developer/Xcode/DerivedData/RecipesApp-fkyyklnnnjsfppgmbnwmslvjfhap/Build/Intermediates.noindex/RecipesApp.build/Debug-iphonesimulator/RecipesApp.build/Objects-normal/x86_64/RecipesApp-OutputFileMap.json (in target 'RecipesApp' from project 'RecipesApp')
    cd /Users/olivier/Projects/homelab/applications/recipes-ios
    write-file /Users/olivier/Library/Developer/Xcode/DerivedData/RecipesApp-fkyyklnnnjsfppgmbnwmslvjfhap/Build/Intermediates.noindex/RecipesApp.build/Debug-iphonesimulator/RecipesApp.build/Objects-normal/x86_64/RecipesApp-OutputFileMap.json

MkDir /Users/olivier/Library/Developer/Xcode/DerivedData/RecipesApp-fkyyklnnnjsfppgmbnwmslvjfhap/Build/Products/Debug-iphonesimulator/RecipesApp.app (in target 'RecipesApp' from project 'RecipesApp')
    cd /Users/olivier/Projects/homelab/applications/recipes-ios
    /bin/mkdir -p /Users/olivier/Library/Developer/Xcode/DerivedData/RecipesApp-fkyyklnnnjsfppgmbnwmslvjfhap/Build/Products/Debug-iphonesimulator/RecipesApp.app

WriteAuxiliaryFile /Users/olivier/Library/Developer/Xcode/DerivedData/RecipesApp-fkyyklnnnjsfppgmbnwmslvjfhap/Build/Intermediates.noindex/RecipesApp.build/Debug-iphonesimulator/RecipesApp.build/DerivedSources/Entitlements-Simulated.plist (in target 'RecipesApp' from project 'RecipesApp')
    cd /Users/olivier/Projects/homelab/applications/recipes-ios
    write-file /Users/olivier/Library/Developer/Xcode/DerivedData/RecipesApp-fkyyklnnnjsfppgmbnwmslvjfhap/Build/Intermediates.noindex/RecipesApp.build/Debug-iphonesimulator/RecipesApp.build/DerivedSources/Entitlements-Simulated.plist

ProcessProductPackaging "" /Users/olivier/Library/Developer/Xcode/DerivedData/RecipesApp-fkyyklnnnjsfppgmbnwmslvjfhap/Build/Intermediates.noindex/RecipesApp.build/Debug-iphonesimulator/RecipesApp.build/RecipesApp.app-Simulated.xcent (in target 'RecipesApp' from project 'RecipesApp')
    cd /Users/olivier/Projects/homelab/applications/recipes-ios
    
    Entitlements:
    
    {
    "application-identifier" = "CVESHWHJ49.net.metatao.recipes";
}
    
    builtin-productPackagingUtility -entitlements -format xml -o /Users/olivier/Library/Developer/Xcode/DerivedData/RecipesApp-fkyyklnnnjsfppgmbnwmslvjfhap/Build/Intermediates.noindex/RecipesApp.build/Debug-iphonesimulator/RecipesApp.build/RecipesApp.app-Simulated.xcent

ProcessProductPackagingDER /Users/olivier/Library/Developer/Xcode/DerivedData/RecipesApp-fkyyklnnnjsfppgmbnwmslvjfhap/Build/Intermediates.noindex/RecipesApp.build/Debug-iphonesimulator/RecipesApp.build/RecipesApp.app-Simulated.xcent /Users/olivier/Library/Developer/Xcode/DerivedData/RecipesApp-fkyyklnnnjsfppgmbnwmslvjfhap/Build/Intermediates.noindex/RecipesApp.build/Debug-iphonesimulator/RecipesApp.build/RecipesApp.app-Simulated.xcent.der (in target 'RecipesApp' from project 'RecipesApp')
    cd /Users/olivier/Projects/homelab/applications/recipes-ios
    /usr/bin/derq query -f xml -i /Users/olivier/Library/Developer/Xcode/DerivedData/RecipesApp-fkyyklnnnjsfppgmbnwmslvjfhap/Build/Intermediates.noindex/RecipesApp.build/Debug-iphonesimulator/RecipesApp.build/RecipesApp.app-Simulated.xcent -o /Users/olivier/Library/Developer/Xcode/DerivedData/RecipesApp-fkyyklnnnjsfppgmbnwmslvjfhap/Build/Intermediates.noindex/RecipesApp.build/Debug-iphonesimulator/RecipesApp.build/RecipesApp.app-Simulated.xcent.der --raw

Ld /Users/olivier/Library/Developer/Xcode/DerivedData/RecipesApp-fkyyklnnnjsfppgmbnwmslvjfhap/Build/Products/Debug-iphonesimulator/RecipesApp.app/__preview.dylib normal (in target 'RecipesApp' from project 'RecipesApp')
    cd /Users/olivier/Projects/homelab/applications/recipes-ios
    /Applications/Xcode.app/Contents/Developer/Toolchains/XcodeDefault.xctoolchain/usr/bin/clang -Xlinker -reproducible -target x86_64-apple-ios18.0-simulator -dynamiclib -isysroot /Applications/Xcode.app/Contents/Developer/Platforms/iPhoneSimulator.platform/Developer/SDKs/iPhoneSimulator26.2.sdk -O0 -L/Users/olivier/Library/Developer/Xcode/DerivedData/RecipesApp-fkyyklnnnjsfppgmbnwmslvjfhap/Build/Products/Debug-iphonesimulator -F/Users/olivier/Library/Developer/Xcode/DerivedData/RecipesApp-fkyyklnnnjsfppgmbnwmslvjfhap/Build/Products/Debug-iphonesimulator -install_name @rpath/RecipesApp.debug.dylib -dead_strip -rdynamic -Xlinker -no_deduplicate -Xlinker -objc_abi_version -Xlinker 2 -Xlinker -dependency_info -Xlinker /Users/olivier/Library/Developer/Xcode/DerivedData/RecipesApp-fkyyklnnnjsfppgmbnwmslvjfhap/Build/Intermediates.noindex/RecipesApp.build/Debug-iphonesimulator/RecipesApp.build/Objects-normal/x86_64/RecipesApp_dependency_info.dat -Xlinker -sectcreate -Xlinker __TEXT -Xlinker __entitlements -Xlinker /Users/olivier/Library/Developer/Xcode/DerivedData/RecipesApp-fkyyklnnnjsfppgmbnwmslvjfhap/Build/Intermediates.noindex/RecipesApp.build/Debug-iphonesimulator/RecipesApp.build/RecipesApp.app-Simulated.xcent -Xlinker -sectcreate -Xlinker __TEXT -Xlinker __ents_der -Xlinker /Users/olivier/Library/Developer/Xcode/DerivedData/RecipesApp-fkyyklnnnjsfppgmbnwmslvjfhap/Build/Intermediates.noindex/RecipesApp.build/Debug-iphonesimulator/RecipesApp.build/RecipesApp.app-Simulated.xcent.der -Xlinker -no_adhoc_codesign -o /Users/olivier/Library/Developer/Xcode/DerivedData/RecipesApp-fkyyklnnnjsfppgmbnwmslvjfhap/Build/Products/Debug-iphonesimulator/RecipesApp.app/__preview.dylib

GenerateAssetSymbols /Users/olivier/Projects/homelab/applications/recipes-ios/RecipesApp/Resources/Assets.xcassets (in target 'RecipesApp' from project 'RecipesApp')
    cd /Users/olivier/Projects/homelab/applications/recipes-ios
    /Applications/Xcode.app/Contents/Developer/usr/bin/actool /Users/olivier/Projects/homelab/applications/recipes-ios/RecipesApp/Resources/Assets.xcassets --compile /Users/olivier/Library/Developer/Xcode/DerivedData/RecipesApp-fkyyklnnnjsfppgmbnwmslvjfhap/Build/Products/Debug-iphonesimulator/RecipesApp.app --output-format human-readable-text --notices --warnings --export-dependency-info /Users/olivier/Library/Developer/Xcode/DerivedData/RecipesApp-fkyyklnnnjsfppgmbnwmslvjfhap/Build/Intermediates.noindex/RecipesApp.build/Debug-iphonesimulator/RecipesApp.build/assetcatalog_dependencies --output-partial-info-plist /Users/olivier/Library/Developer/Xcode/DerivedData/RecipesApp-fkyyklnnnjsfppgmbnwmslvjfhap/Build/Intermediates.noindex/RecipesApp.build/Debug-iphonesimulator/RecipesApp.build/assetcatalog_generated_info.plist --app-icon AppIcon --accent-color AccentColor --compress-pngs --enable-on-demand-resources YES --development-region en --target-device iphone --minimum-deployment-target 18.0 --platform iphonesimulator --bundle-identifier net.metatao.recipes --generate-swift-asset-symbols /Users/olivier/Library/Developer/Xcode/DerivedData/RecipesApp-fkyyklnnnjsfppgmbnwmslvjfhap/Build/Intermediates.noindex/RecipesApp.build/Debug-iphonesimulator/RecipesApp.build/DerivedSources/GeneratedAssetSymbols.swift --generate-objc-asset-symbols /Users/olivier/Library/Developer/Xcode/DerivedData/RecipesApp-fkyyklnnnjsfppgmbnwmslvjfhap/Build/Intermediates.noindex/RecipesApp.build/Debug-iphonesimulator/RecipesApp.build/DerivedSources/GeneratedAssetSymbols.h --generate-asset-symbol-index /Users/olivier/Library/Developer/Xcode/DerivedData/RecipesApp-fkyyklnnnjsfppgmbnwmslvjfhap/Build/Intermediates.noindex/RecipesApp.build/Debug-iphonesimulator/RecipesApp.build/DerivedSources/GeneratedAssetSymbols-Index.plist
/* com.apple.actool.document.warnings */
/Users/olivier/Projects/homelab/applications/recipes-ios/RecipesApp/Resources/Assets.xcassets:./AppIcon.appiconset/[ios][universal][1024x1024][][][][][][][]: warning: AppIcon.appiconset/AppIcon-1024.png is 2048x2048 but should be 1024x1024.
/Users/olivier/Projects/homelab/applications/recipes-ios/RecipesApp/Resources/Assets.xcassets:./AppIcon.appiconset/[ios][universal][1024x1024][][][][][][][]: warning: AppIcon.appiconset/AppIcon-1024.png is 2048x2048 but should be 1024x1024.
/* com.apple.actool.compilation-results */
/Users/olivier/Library/Developer/Xcode/DerivedData/RecipesApp-fkyyklnnnjsfppgmbnwmslvjfhap/Build/Intermediates.noindex/RecipesApp.build/Debug-iphonesimulator/RecipesApp.build/DerivedSources/GeneratedAssetSymbols-Index.plist
/Users/olivier/Library/Developer/Xcode/DerivedData/RecipesApp-fkyyklnnnjsfppgmbnwmslvjfhap/Build/Intermediates.noindex/RecipesApp.build/Debug-iphonesimulator/RecipesApp.build/DerivedSources/GeneratedAssetSymbols.h
/Users/olivier/Library/Developer/Xcode/DerivedData/RecipesApp-fkyyklnnnjsfppgmbnwmslvjfhap/Build/Intermediates.noindex/RecipesApp.build/Debug-iphonesimulator/RecipesApp.build/DerivedSources/GeneratedAssetSymbols.swift


MkDir /Users/olivier/Library/Developer/Xcode/DerivedData/RecipesApp-fkyyklnnnjsfppgmbnwmslvjfhap/Build/Intermediates.noindex/RecipesApp.build/Debug-iphonesimulator/RecipesApp.build/assetcatalog_output/thinned (in target 'RecipesApp' from project 'RecipesApp')
    cd /Users/olivier/Projects/homelab/applications/recipes-ios
    /bin/mkdir -p /Users/olivier/Library/Developer/Xcode/DerivedData/RecipesApp-fkyyklnnnjsfppgmbnwmslvjfhap/Build/Intermediates.noindex/RecipesApp.build/Debug-iphonesimulator/RecipesApp.build/assetcatalog_output/thinned

MkDir /Users/olivier/Library/Developer/Xcode/DerivedData/RecipesApp-fkyyklnnnjsfppgmbnwmslvjfhap/Build/Intermediates.noindex/RecipesApp.build/Debug-iphonesimulator/RecipesApp.build/assetcatalog_output/unthinned (in target 'RecipesApp' from project 'RecipesApp')
    cd /Users/olivier/Projects/homelab/applications/recipes-ios
    /bin/mkdir -p /Users/olivier/Library/Developer/Xcode/DerivedData/RecipesApp-fkyyklnnnjsfppgmbnwmslvjfhap/Build/Intermediates.noindex/RecipesApp.build/Debug-iphonesimulator/RecipesApp.build/assetcatalog_output/unthinned

CompileAssetCatalogVariant thinned /Users/olivier/Library/Developer/Xcode/DerivedData/RecipesApp-fkyyklnnnjsfppgmbnwmslvjfhap/Build/Products/Debug-iphonesimulator/RecipesApp.app /Users/olivier/Projects/homelab/applications/recipes-ios/RecipesApp/Resources/Assets.xcassets (in target 'RecipesApp' from project 'RecipesApp')
    cd /Users/olivier/Projects/homelab/applications/recipes-ios
    /Applications/Xcode.app/Contents/Developer/usr/bin/actool /Users/olivier/Projects/homelab/applications/recipes-ios/RecipesApp/Resources/Assets.xcassets --compile /Users/olivier/Library/Developer/Xcode/DerivedData/RecipesApp-fkyyklnnnjsfppgmbnwmslvjfhap/Build/Intermediates.noindex/RecipesApp.build/Debug-iphonesimulator/RecipesApp.build/assetcatalog_output/thinned --output-format human-readable-text --notices --warnings --export-dependency-info /Users/olivier/Library/Developer/Xcode/DerivedData/RecipesApp-fkyyklnnnjsfppgmbnwmslvjfhap/Build/Intermediates.noindex/RecipesApp.build/Debug-iphonesimulator/RecipesApp.build/assetcatalog_dependencies_thinned --output-partial-info-plist /Users/olivier/Library/Developer/Xcode/DerivedData/RecipesApp-fkyyklnnnjsfppgmbnwmslvjfhap/Build/Intermediates.noindex/RecipesApp.build/Debug-iphonesimulator/RecipesApp.build/assetcatalog_generated_info.plist_thinned --app-icon AppIcon --accent-color AccentColor --compress-pngs --enable-on-demand-resources YES --filter-for-thinning-device-configuration iPhone18,1 --filter-for-device-os-version 26.2 --development-region en --target-device iphone --minimum-deployment-target 18.0 --platform iphonesimulator
/* com.apple.actool.errors */
/Users/olivier/Projects/homelab/applications/recipes-ios/RecipesApp/Resources/Assets.xcassets: error: The stickers icon set, app icon set, or icon stack named "AppIcon" did not have any applicable content.
/* com.apple.actool.document.warnings */
/Users/olivier/Projects/homelab/applications/recipes-ios/RecipesApp/Resources/Assets.xcassets:./AppIcon.appiconset/[ios][universal][1024x1024][][][][][][][]: warning: AppIcon.appiconset/AppIcon-1024.png is 2048x2048 but should be 1024x1024.
/Users/olivier/Projects/homelab/applications/recipes-ios/RecipesApp/Resources/Assets.xcassets:./AppIcon.appiconset/[ios][universal][1024x1024][][][][][][][]: warning: AppIcon.appiconset/AppIcon-1024.png is 2048x2048 but should be 1024x1024.
/* com.apple.actool.compilation-results */
/Users/olivier/Library/Developer/Xcode/DerivedData/RecipesApp-fkyyklnnnjsfppgmbnwmslvjfhap/Build/Intermediates.noindex/RecipesApp.build/Debug-iphonesimulator/RecipesApp.build/assetcatalog_generated_info.plist_thinned


SwiftDriver RecipesApp normal x86_64 com.apple.xcode.tools.swift.compiler (in target 'RecipesApp' from project 'RecipesApp')
    cd /Users/olivier/Projects/homelab/applications/recipes-ios
    builtin-SwiftDriver -- /Applications/Xcode.app/Contents/Developer/Toolchains/XcodeDefault.xctoolchain/usr/bin/swiftc -module-name RecipesApp -Onone -enforce-exclusivity\=checked @/Users/olivier/Library/Developer/Xcode/DerivedData/RecipesApp-fkyyklnnnjsfppgmbnwmslvjfhap/Build/Intermediates.noindex/RecipesApp.build/Debug-iphonesimulator/RecipesApp.build/Objects-normal/x86_64/RecipesApp.SwiftFileList -DDEBUG -enable-experimental-feature DebugDescriptionMacro -sdk /Applications/Xcode.app/Contents/Developer/Platforms/iPhoneSimulator.platform/Developer/SDKs/iPhoneSimulator26.2.sdk -target x86_64-apple-ios18.0-simulator -g -module-cache-path /Users/olivier/Library/Developer/Xcode/DerivedData/ModuleCache.noindex -Xfrontend -serialize-debugging-options -enable-testing -index-store-path /Users/olivier/Library/Developer/Xcode/DerivedData/RecipesApp-fkyyklnnnjsfppgmbnwmslvjfhap/Index.noindex/DataStore -Xcc -D_LIBCPP_HARDENING_MODE\=_LIBCPP_HARDENING_MODE_DEBUG -swift-version 6 -I /Users/olivier/Library/Developer/Xcode/DerivedData/RecipesApp-fkyyklnnnjsfppgmbnwmslvjfhap/Build/Products/Debug-iphonesimulator -F /Users/olivier/Library/Developer/Xcode/DerivedData/RecipesApp-fkyyklnnnjsfppgmbnwmslvjfhap/Build/Products/Debug-iphonesimulator -emit-localized-strings -emit-localized-strings-path /Users/olivier/Library/Developer/Xcode/DerivedData/RecipesApp-fkyyklnnnjsfppgmbnwmslvjfhap/Build/Intermediates.noindex/RecipesApp.build/Debug-iphonesimulator/RecipesApp.build/Objects-normal/x86_64 -c -j12 -enable-batch-mode -incremental -Xcc -ivfsstatcache -Xcc /Users/olivier/Library/Developer/Xcode/DerivedData/SDKStatCaches.noindex/iphonesimulator26.2-23C53-7d00a8b37fbd7999ea79df8ebc024bf0.sdkstatcache -output-file-map /Users/olivier/Library/Developer/Xcode/DerivedData/RecipesApp-fkyyklnnnjsfppgmbnwmslvjfhap/Build/Intermediates.noindex/RecipesApp.build/Debug-iphonesimulator/RecipesApp.build/Objects-normal/x86_64/RecipesApp-OutputFileMap.json -use-frontend-parseable-output -save-temps -no-color-diagnostics -explicit-module-build -module-cache-path /Users/olivier/Library/Developer/Xcode/DerivedData/RecipesApp-fkyyklnnnjsfppgmbnwmslvjfhap/Build/Intermediates.noindex/SwiftExplicitPrecompiledModules -clang-scanner-module-cache-path /Users/olivier/Library/Developer/Xcode/DerivedData/ModuleCache.noindex -sdk-module-cache-path /Users/olivier/Library/Developer/Xcode/DerivedData/ModuleCache.noindex -serialize-diagnostics -emit-dependencies -emit-module -emit-module-path /Users/olivier/Library/Developer/Xcode/DerivedData/RecipesApp-fkyyklnnnjsfppgmbnwmslvjfhap/Build/Intermediates.noindex/RecipesApp.build/Debug-iphonesimulator/RecipesApp.build/Objects-normal/x86_64/RecipesApp.swiftmodule -validate-clang-modules-once -clang-build-session-file /Users/olivier/Library/Developer/Xcode/DerivedData/ModuleCache.noindex/Session.modulevalidation -Xcc -I/Users/olivier/Library/Developer/Xcode/DerivedData/RecipesApp-fkyyklnnnjsfppgmbnwmslvjfhap/Build/Intermediates.noindex/RecipesApp.build/Debug-iphonesimulator/RecipesApp.build/swift-overrides.hmap -emit-const-values -Xfrontend -const-gather-protocols-file -Xfrontend /Users/olivier/Library/Developer/Xcode/DerivedData/RecipesApp-fkyyklnnnjsfppgmbnwmslvjfhap/Build/Intermediates.noindex/RecipesApp.build/Debug-iphonesimulator/RecipesApp.build/Objects-normal/x86_64/RecipesApp_const_extract_protocols.json -Xcc -iquote -Xcc /Users/olivier/Library/Developer/Xcode/DerivedData/RecipesApp-fkyyklnnnjsfppgmbnwmslvjfhap/Build/Intermediates.noindex/RecipesApp.build/Debug-iphonesimulator/RecipesApp.build/RecipesApp-generated-files.hmap -Xcc -I/Users/olivier/Library/Developer/Xcode/DerivedData/RecipesApp-fkyyklnnnjsfppgmbnwmslvjfhap/Build/Intermediates.noindex/RecipesApp.build/Debug-iphonesimulator/RecipesApp.build/RecipesApp-own-target-headers.hmap -Xcc -I/Users/olivier/Library/Developer/Xcode/DerivedData/RecipesApp-fkyyklnnnjsfppgmbnwmslvjfhap/Build/Intermediates.noindex/RecipesApp.build/Debug-iphonesimulator/RecipesApp.build/RecipesApp-all-target-headers.hmap -Xcc -iquote -Xcc /Users/olivier/Library/Developer/Xcode/DerivedData/RecipesApp-fkyyklnnnjsfppgmbnwmslvjfhap/Build/Intermediates.noindex/RecipesApp.build/Debug-iphonesimulator/RecipesApp.build/RecipesApp-project-headers.hmap -Xcc -I/Users/olivier/Library/Developer/Xcode/DerivedData/RecipesApp-fkyyklnnnjsfppgmbnwmslvjfhap/Build/Products/Debug-iphonesimulator/include -Xcc -I/Users/olivier/Library/Developer/Xcode/DerivedData/RecipesApp-fkyyklnnnjsfppgmbnwmslvjfhap/Build/Intermediates.noindex/RecipesApp.build/Debug-iphonesimulator/RecipesApp.build/DerivedSources-normal/x86_64 -Xcc -I/Users/olivier/Library/Developer/Xcode/DerivedData/RecipesApp-fkyyklnnnjsfppgmbnwmslvjfhap/Build/Intermediates.noindex/RecipesApp.build/Debug-iphonesimulator/RecipesApp.build/DerivedSources/x86_64 -Xcc -I/Users/olivier/Library/Developer/Xcode/DerivedData/RecipesApp-fkyyklnnnjsfppgmbnwmslvjfhap/Build/Intermediates.noindex/RecipesApp.build/Debug-iphonesimulator/RecipesApp.build/DerivedSources -Xcc -DDEBUG\=1 -emit-objc-header -emit-objc-header-path /Users/olivier/Library/Developer/Xcode/DerivedData/RecipesApp-fkyyklnnnjsfppgmbnwmslvjfhap/Build/Intermediates.noindex/RecipesApp.build/Debug-iphonesimulator/RecipesApp.build/Objects-normal/x86_64/RecipesApp-Swift.h -working-directory /Users/olivier/Projects/homelab/applications/recipes-ios -experimental-emit-module-separately -disable-cmo

SwiftExplicitDependencyGeneratePcm x86_64 /Users/olivier/Library/Developer/Xcode/DerivedData/ModuleCache.noindex/_Builtin_stdarg-CP1OURO8V2IIXS17I04SRJY7B.pcm

SwiftExplicitDependencyGeneratePcm x86_64 /Users/olivier/Library/Developer/Xcode/DerivedData/ModuleCache.noindex/_Builtin_float-1AJTAUZJXSRVS2RU8ZN1GLQPV.pcm

SwiftExplicitDependencyGeneratePcm x86_64 /Users/olivier/Library/Developer/Xcode/DerivedData/ModuleCache.noindex/_AvailabilityInternal-96ALGRO7JRM6B3ERDHPCA2UNU.pcm

SwiftExplicitDependencyGeneratePcm x86_64 /Users/olivier/Library/Developer/Xcode/DerivedData/ModuleCache.noindex/_Builtin_stddef-E1S73ID9EM75B1H09Y8KLSHUW.pcm

SwiftExplicitDependencyGeneratePcm x86_64 /Users/olivier/Library/Developer/Xcode/DerivedData/ModuleCache.noindex/ptrcheck-8LZ2OWC8JVRQRXJPPEPBJIW4A.pcm

SwiftExplicitDependencyGeneratePcm x86_64 /Users/olivier/Library/Developer/Xcode/DerivedData/ModuleCache.noindex/DeveloperToolsSupport-54I3D7DVTE740DHV1VQE79Q3Y.pcm

SwiftExplicitDependencyGeneratePcm x86_64 /Users/olivier/Library/Developer/Xcode/DerivedData/ModuleCache.noindex/_Builtin_stdbool-8AX240LDT12QHDXMSPW6133LM.pcm

SwiftExplicitDependencyGeneratePcm x86_64 /Users/olivier/Library/Developer/Xcode/DerivedData/ModuleCache.noindex/_SwiftConcurrencyShims-4IUNLL6PKIE1AKOFMMU7D6DRZ.pcm

SwiftExplicitDependencyGeneratePcm x86_64 /Users/olivier/Library/Developer/Xcode/DerivedData/ModuleCache.noindex/ptrauth-8Z3ZT84IU3ZXLGCULE85YNS5G.pcm

SwiftExplicitDependencyGeneratePcm x86_64 /Users/olivier/Library/Developer/Xcode/DerivedData/ModuleCache.noindex/SwiftShims-5Y9ET5W8K4VQWIP8TU4S3XF2B.pcm

SwiftExplicitDependencyGeneratePcm x86_64 /Users/olivier/Library/Developer/Xcode/DerivedData/ModuleCache.noindex/_DarwinFoundation1-C6XML52CEIGTAK1R2IOUVPRVM.pcm

SwiftExplicitDependencyGeneratePcm x86_64 /Users/olivier/Library/Developer/Xcode/DerivedData/ModuleCache.noindex/_DarwinFoundation2-3D1FMMSGLPZ9WQXFBVZF8EHWY.pcm

SwiftExplicitDependencyGeneratePcm x86_64 /Users/olivier/Library/Developer/Xcode/DerivedData/ModuleCache.noindex/ExtensionFoundation-DQ1JP7LI7BK69GGCTBIXU77Z1.pcm

SwiftExplicitDependencyGeneratePcm x86_64 /Users/olivier/Library/Developer/Xcode/DerivedData/ModuleCache.noindex/_Builtin_limits-7LKAQWE2G4JK5TYJCZQYLNU1.pcm

** BUILD FAILED **


The following build commands failed:
	CompileAssetCatalogVariant thinned /Users/olivier/Library/Developer/Xcode/DerivedData/RecipesApp-fkyyklnnnjsfppgmbnwmslvjfhap/Build/Products/Debug-iphonesimulator/RecipesApp.app /Users/olivier/Projects/homelab/applications/recipes-ios/RecipesApp/Resources/Assets.xcassets (in target 'RecipesApp' from project 'RecipesApp')
	Building project RecipesApp with scheme RecipesApp
(2 failures)
